[www.sweetbouquet.vn/index.html]
[backblue.gif]
[fade.gif]
[index.html]
[www.sweetbouquet.vn/UploadImages/demo/water-mark.png]
[www.sweetbouquet.vn/UploadImages/demo/favicon.png]
[static.styles.net.vn/css/custom/font-shops.css]
[www.sweetbouquet.vn/CssClientHandler4e05.css]
[www.sweetbouquet.vn/js/jquery.min4511.js]
[www.sweetbouquet.vn/CssHandler250a.css]
[www.sweetbouquet.vn/CssClientHandler2f22.css]
[www.sweetbouquet.vn/CssClientHandlerc143.css]
[www.sweetbouquet.vn/CssClientHandler1adc.css]
[connect.facebook.net/en_US/fbevents.js]
[www.sweetbouquet.vn/Thumbe800.png]
[www.sweetbouquet.vn/Thumbd922.png]
[www.sweetbouquet.vn/ve-chung-toi.html]
[www.sweetbouquet.vn/dich-vu.html]
[www.sweetbouquet.vn/dich-vu/wedding-dresses-71.html]
[www.sweetbouquet.vn/dich-vu/photography-services-75.html]
[www.sweetbouquet.vn/dich-vu/wedding-services-76.html]
[www.sweetbouquet.vn/ao-cuoi.html]
[www.sweetbouquet.vn/thu-vien-anh.html]
[www.sweetbouquet.vn/tin-tuc.html]
[www.sweetbouquet.vn/lien-he.html]
[www.sweetbouquet.vn/BatchScripts4d1b.ashx]
[www.sweetbouquet.vn/BatchScriptsd3d6.ashx]
[www.sweetbouquet.vn/gio-hang.1b.delayed]
[www.sweetbouquet.vn/Error2635.html]
[www.sweetbouquet.vn/themes/default/css/custom/slider/rev_slide/v5/settings.min.css]
[www.sweetbouquet.vn/themes/default/js/custom/slider/rev_slide/5.1.4/jquery.themepunch.tools.min.js]
[www.sweetbouquet.vn/themes/default/js/custom/slider/rev_slide/5.1.4/jquery.themepunch.revolution.min.js]
[www.sweetbouquet.vn/UploadImages/banners/sweet-bouquet/slider03.jpg]
[www.sweetbouquet.vn/UploadImages/banners/sweet-bouquet/slider02.jpg]
[www.sweetbouquet.vn/UploadImages/banners/sweet-bouquet/slider01.jpg]
[www.sweetbouquet.vn/UploadImages/banners/sweet-bouquet/slider04.jpg]
[www.sweetbouquet.vn/CssClientHandlerede5.css]
[www.sweetbouquet.vn/CssClientHandler4fcf.css]
[www.sweetbouquet.vn/Thumb95f8.jpg]
[www.sweetbouquet.vn/CssClientHandler8849.css]
[www.sweetbouquet.vn/CssClientHandler955f.css]
[www.sweetbouquet.vn/thu-vien-anh/pre-wedding/co-dau-nhat-ban-237.html]
[www.sweetbouquet.vn/Thumb4dfd.jpg]
[www.sweetbouquet.vn/UploadImages/demo/16x11.jpg]
[www.sweetbouquet.vn/thu-vien-anh/pre-wedding/hoi-an-236.html]
[www.sweetbouquet.vn/Thumb286b.jpg]
[www.sweetbouquet.vn/thu-vien-anh/pre-wedding/lookbook-235.html]
[www.sweetbouquet.vn/Thumb026f.jpg]
[www.sweetbouquet.vn/thu-vien-anh/pre-wedding/indoor-studio-234.html]
[www.sweetbouquet.vn/Thumb2b4a.jpg]
[www.sweetbouquet.vn/thu-vien-anh/pre-wedding/dich-vu-khach-hang-233.html]
[www.sweetbouquet.vn/Thumbc106.jpg]
[www.sweetbouquet.vn/thu-vien-anh/pre-wedding/vintage-danang-232.html]
[www.sweetbouquet.vn/Thumb6128.jpg]
[www.sweetbouquet.vn/thu-vien-anh/pre-wedding/da-nang-ngay-xuong-pho-231.html]
[www.sweetbouquet.vn/Thumbb7a8.jpg]
[www.sweetbouquet.vn/thu-vien-anh/pre-wedding/hinh-cuoi-phong-cach-nhat-ban-230.html]
[www.sweetbouquet.vn/Thumbc80f.jpg]
[www.sweetbouquet.vn/themes/default/js/custom/owl-v2.2.1/owl.carousel.js]
[www.sweetbouquet.vn/CssClientHandlere0e0.css]
[www.sweetbouquet.vn/CssClientHandlere340.css]
[www.sweetbouquet.vn/UploadImages/banners/sweet-bouquet/infor.jpg]
[www.sweetbouquet.vn/UploadImages/demo/headblock.png]
[www.sweetbouquet.vn/CssClientHandlera149.css]
[www.sweetbouquet.vn/BatchScriptsec4d.ashx]
[www.sweetbouquet.vn/UploadImages/demo/f_logo.png]
[www.sweetbouquet.vn/CssClientHandler0353.css]
[www.sweetbouquet.vn/home-JP.html]
[www.sweetbouquet.vn/index.html]
[www.sweetbouquet.vn/Scripts375d.ashx]
[static.styles.net.vn/css/custom/font-shops.css]
[www.sweetbouquet.vn/UploadImages/about/juice.html]
[www.sweetbouquet.vn/UploadImages/about/cafe76ae.html]
[www.sweetbouquet.vn/themes/default/CustomThemes/default/images/icon/tick76ae.png]
[www.sweetbouquet.vn/CssClientHandler4e05.css]
[www.sweetbouquet.vn/themes/default-default/images/sprite76ae.html]
[www.sweetbouquet.vn/themes/default-default/images/icon/tag_24x24ac64.html]
[www.sweetbouquet.vn/UploadImages/icon/icons_search76ae.png]
[www.sweetbouquet.vn/UploadImages/title-block/dusk3176ae.png]
[www.sweetbouquet.vn/UploadImages/title-block/wreath576ae.png]
[www.sweetbouquet.vn/CssHandler250a.css]
[www.sweetbouquet.vn/CssModuleHandler6b04.css]
[www.sweetbouquet.vn/CssClientHandler2f22.css]
[www.sweetbouquet.vn/BatchScriptscff2.ashx]
[www.sweetbouquet.vn/CssClientHandler7dfa.css]
[www.sweetbouquet.vn/CssClientHandlerc143.css]
[www.sweetbouquet.vn/themes/default/images/thu-vien-anh/flags/us76ae.png]
[www.sweetbouquet.vn/themes/default/images/thu-vien-anh/flags/vi76ae.png]
[www.sweetbouquet.vn/themes/default/images/thu-vien-anh/flags/en76ae.png]
[www.sweetbouquet.vn/themes/default/images/thu-vien-anh/flags/fr76ae.png]
[www.sweetbouquet.vn/themes/default/images/thu-vien-anh/flags/de76ae.png]
[www.sweetbouquet.vn/themes/default/images/thu-vien-anh/flags/nl76ae.png]
[www.sweetbouquet.vn/themes/default/images/thu-vien-anh/flags/jp76ae.png]
[www.sweetbouquet.vn/themes/default/images/thu-vien-anh/flags/cn76ae.png]
[www.sweetbouquet.vn/CssClientHandler1adc.css]
[www.sweetbouquet.vn/CssClientHandlera8a7.css]
[www.sweetbouquet.vn/POST.html]
[connect.facebook.net/en_US/fbevents.js]
[www.sweetbouquet.vn/CssModuleHandlere4b5.css]
[www.sweetbouquet.vn/Thumb25e2.jpg]
[www.sweetbouquet.vn/UploadImages/demo/1x1.jpg]
[www.sweetbouquet.vn/Thumb7916.jpg]
[www.sweetbouquet.vn/Thumbf194.jpg]
[www.sweetbouquet.vn/Thumb7e39.jpg]
[www.sweetbouquet.vn/Thumb1e71.jpg]
[www.sweetbouquet.vn/Thumb9166.jpg]
[www.sweetbouquet.vn/ve-chung-toi.html]
[www.sweetbouquet.vn/about-us-JP.html]
[www.sweetbouquet.vn/CssClientHandlerac40.css]
[www.sweetbouquet.vn/Thumb6356.jpg]
[www.sweetbouquet.vn/Thumba37c.jpg]
[www.sweetbouquet.vn/Thumb4adb.jpg]
[www.sweetbouquet.vn/Thumbe52f.jpg]
[www.sweetbouquet.vn/Thumb378b.jpg]
[www.sweetbouquet.vn/Thumbb514.jpg]
[www.sweetbouquet.vn/services-JP.html]
[www.sweetbouquet.vn/dich-vu.html]
[www.sweetbouquet.vn/UploadImages/demo/sd01.jpg]
[www.sweetbouquet.vn/UploadImages/demo/sd02.jpg]
[www.sweetbouquet.vn/UploadImages/demo/sd03.jpg]
[www.sweetbouquet.vn/UploadImages/demo/sd04.jpg]
[www.sweetbouquet.vn/dich-vu/wedding-dresses/anh-01-8.html]
[www.sweetbouquet.vn/UploadImages/services/bon-wedding/41058463880_b446ffabc7_k.jpg]
[www.sweetbouquet.vn/services/wedding-dresses-jp-71.html]
[www.sweetbouquet.vn/dich-vu/wedding-dresses-71.html]
[www.sweetbouquet.vn/UploadImages/demo/svssc03.jpg]
[www.sweetbouquet.vn/dich-vu/photography-services/anh-02-11.html]
[www.sweetbouquet.vn/UploadImages/services/bon-wedding/31805929088_db0fa11d4d_k.jpg]
[www.sweetbouquet.vn/dich-vu/photography-services/anh-01-10.html]
[www.sweetbouquet.vn/services/photography-services-jp-75.html]
[www.sweetbouquet.vn/dich-vu/photography-services-75.html]
[www.sweetbouquet.vn/UploadImages/demo/aaccss.jpg]
[www.sweetbouquet.vn/UploadImages/portfolios/SWB00053.jpg]
[www.sweetbouquet.vn/UploadImages/portfolios/180213_0356.jpg]
[www.sweetbouquet.vn/UploadImages/portfolios/PAH_1418.jpg]
[www.sweetbouquet.vn/dich-vu/wedding-services/anh-01-12.html]
[www.sweetbouquet.vn/UploadImages/services/bon-wedding/42820607862_9f370022ed_k.jpg]
[www.sweetbouquet.vn/services/wedding-services-jp-76.html]
[www.sweetbouquet.vn/dich-vu/wedding-services-76.html]
[www.sweetbouquet.vn/CssModuleHandler79f7.css]
[www.sweetbouquet.vn/ao-cuoi/portfolios/dh-0017-32.7f.delayed]
[www.sweetbouquet.vn/Error30f8.html]
[www.sweetbouquet.vn/UploadImages/portfolios/dresses/lookbook-black/SWB04545_new.jpg]
[www.sweetbouquet.vn/ao-cuoi/portfolios/dl-0006-31.82.delayed]
[www.sweetbouquet.vn/Errorf2d2.html]
[www.sweetbouquet.vn/UploadImages/portfolios/dresses/SWB06594_new.jpg]
[www.sweetbouquet.vn/ao-cuoi/portfolios/dl-0005-30.85.delayed]
[www.sweetbouquet.vn/Errore758.html]
[www.sweetbouquet.vn/UploadImages/portfolios/dresses/SWB06100_new.jpg]
[www.sweetbouquet.vn/ao-cuoi/portfolios/dh-0004-29.88.delayed]
[www.sweetbouquet.vn/Error7c6b.html]
[www.sweetbouquet.vn/UploadImages/portfolios/dresses/lookbook-black/SWB04486_new.jpg]
[www.sweetbouquet.vn/ao-cuoi/portfolios/dl-0003-28.8b.delayed]
[www.sweetbouquet.vn/Error46e9.html]
[www.sweetbouquet.vn/UploadImages/portfolios/dresses/lookbook-black/SWB04433_new.jpg]
[www.sweetbouquet.vn/ao-cuoi/portfolios/dl-0002-27.8e.delayed]
[www.sweetbouquet.vn/Error693a.html]
[www.sweetbouquet.vn/UploadImages/portfolios/dresses/lookbook-black/SWB04420_new.jpg]
[www.sweetbouquet.vn/ao-cuoi/portfolios/dh-0001-26.91.delayed]
[www.sweetbouquet.vn/Error7369.html]
[www.sweetbouquet.vn/UploadImages/portfolios/dresses/lookbook-black/SWB04341_new.jpg]
[www.sweetbouquet.vn/ao-cuoi/portfolios/cdh-021-25.94.delayed]
[www.sweetbouquet.vn/Error4aef.html]
[www.sweetbouquet.vn/UploadImages/portfolios/dresses/lookbook-black/SWB04668_new.jpg]
[www.sweetbouquet.vn/ao-cuoi/portfolios/dh-0018-24.97.delayed]
[www.sweetbouquet.vn/Error5af6.html]
[www.sweetbouquet.vn/UploadImages/portfolios/dresses/SWB02169_new.jpg]
[www.sweetbouquet.vn/ao-cuoi/portfolios/dh-0016-23.9a.delayed]
[www.sweetbouquet.vn/Error2857.html]
[www.sweetbouquet.vn/UploadImages/portfolios/dresses/lookbook-black/SWB04289_new.jpg]
[www.sweetbouquet.vn/ao-cuoi/portfolios/dh-0015-22.9d.delayed]
[www.sweetbouquet.vn/Error2249.html]
[www.sweetbouquet.vn/UploadImages/portfolios/dresses/lookbook-black/SWB01427-1_new.jpg]
[www.sweetbouquet.vn/ao-cuoi/portfolios/dl-0014-21.a0.delayed]
[www.sweetbouquet.vn/Error5356.html]
[www.sweetbouquet.vn/UploadImages/portfolios/dresses/lookbook-black/SWB04561_new.jpg]
[www.sweetbouquet.vn/ao-cuoi/portfolios/dh-0013-20.a3.delayed]
[www.sweetbouquet.vn/Error152d.html]
[www.sweetbouquet.vn/UploadImages/portfolios/dresses/lookbook-black/SWB04358_new.jpg]
[www.sweetbouquet.vn/ao-cuoi/portfolios/dl-0012-19.a6.delayed]
[www.sweetbouquet.vn/Error435b.html]
[www.sweetbouquet.vn/UploadImages/portfolios/dresses/SWB09962_new.jpg]
[www.sweetbouquet.vn/ao-cuoi/portfolios/dl-0011-18.a9.delayed]
[www.sweetbouquet.vn/Error9af3.html]
[www.sweetbouquet.vn/UploadImages/portfolios/dresses/SWB06551_new.jpg]
[www.sweetbouquet.vn/ao-cuoi/portfolios/dl-0010-17.ac.delayed]
[www.sweetbouquet.vn/Error9b32.html]
[www.sweetbouquet.vn/UploadImages/portfolios/dresses/lookbook-black/SWB01337-1_new.jpg]
[www.sweetbouquet.vn/ao-cuoi/portfolios/dl-0009-16.af.delayed]
[www.sweetbouquet.vn/Error27b1.html]
[www.sweetbouquet.vn/UploadImages/portfolios/dresses/lookbook-black/SWB04244_new.jpg]
[www.sweetbouquet.vn/ao-cuoi/portfolios/dl-0008-15.b2.delayed]
[www.sweetbouquet.vn/Errore605.html]
[www.sweetbouquet.vn/UploadImages/portfolios/dresses/lookbook-black/SWB06370_new.jpg]
[www.sweetbouquet.vn/ao-cuoi/portfolios/dl-0007-14.b5.delayed]
[www.sweetbouquet.vn/Errore88b.html]
[www.sweetbouquet.vn/UploadImages/portfolios/dresses/lookbook-black/SWB06322_new.jpg]
[www.sweetbouquet.vn/ao-cuoi/portfolios/dh-0019-13.b8.delayed]
[www.sweetbouquet.vn/Errora32b.html]
[www.sweetbouquet.vn/UploadImages/portfolios/dresses/lookbook-black/SWB04518_new.jpg]
[www.sweetbouquet.vn/ao-cuoi/portfolios/das-029-12.bb.delayed]
[www.sweetbouquet.vn/Error2d01.html]
[www.sweetbouquet.vn/UploadImages/portfolios/dresses/lookbook-black/SWB04308_new.jpg]
[www.sweetbouquet.vn/ao-cuoi/portfolios/cdh-020-11.be.delayed]
[www.sweetbouquet.vn/Errorea0e.html]
[www.sweetbouquet.vn/UploadImages/portfolios/dresses/lookbook-black/SWB04575_new.jpg]
[www.sweetbouquet.vn/ao-cuoi/portfolios/dj-037-10.c1.delayed]
[www.sweetbouquet.vn/Error2093.html]
[www.sweetbouquet.vn/UploadImages/portfolios/dresses/lookbook-black/SWB05995_new.jpg]
[www.sweetbouquet.vn/ao-cuoi/portfolios/das-028-9.c4.delayed]
[www.sweetbouquet.vn/Error8ee0.html]
[www.sweetbouquet.vn/UploadImages/portfolios/dresses/lookbook-black/SWB04650_new.jpg]
[www.sweetbouquet.vn/ao-cuoi/portfolios/das-042-8.c7.delayed]
[www.sweetbouquet.vn/Errora4cd.html]
[www.sweetbouquet.vn/UploadImages/portfolios/dresses/lookbook-black/SWB04635_new.jpg]
[www.sweetbouquet.vn/ao-cuoi/portfolios/das-031-7.ca.delayed]
[www.sweetbouquet.vn/Error3b8c.html]
[www.sweetbouquet.vn/UploadImages/portfolios/dresses/lookbook-black/SWB04639_new.jpg]
[www.sweetbouquet.vn/ao-cuoi/portfolios/das-033-6.cd.delayed]
[www.sweetbouquet.vn/Errora76f.html]
[www.sweetbouquet.vn/UploadImages/portfolios/dresses/lookbook-black/SWB04658_new.jpg]
[www.sweetbouquet.vn/ao-cuoi/portfolios/cdj-022-5.d0.delayed]
[www.sweetbouquet.vn/Error5b06.html]
[www.sweetbouquet.vn/UploadImages/portfolios/dresses/lookbook-black/SWB04468_new.jpg]
[www.sweetbouquet.vn/ao-cuoi/portfolios/cdj-032-4.d3.delayed]
[www.sweetbouquet.vn/Error2be0.html]
[www.sweetbouquet.vn/UploadImages/portfolios/dresses/lookbook-black/SWB04605_new.jpg]
[www.sweetbouquet.vn/ao-cuoi/portfolios/cdj-026-3.d6.delayed]
[www.sweetbouquet.vn/Error61c2.html]
[www.sweetbouquet.vn/UploadImages/portfolios/dresses/lookbook-black/SWB04592_new.jpg]
[www.sweetbouquet.vn/ao-cuoi/portfolios/dv-034-2.d9.delayed]
[www.sweetbouquet.vn/Errora721.html]
[www.sweetbouquet.vn/UploadImages/portfolios/dresses/lookbook-black/SWB04449_new.jpg]
[www.sweetbouquet.vn/ao-cuoi/portfolios/dv-035-1.dc.delayed]
[www.sweetbouquet.vn/Error11c1.html]
[www.sweetbouquet.vn/UploadImages/portfolios/dresses/lookbook-black/SWB04724_new.jpg]
[www.sweetbouquet.vn/Thumb5146.jpg]
[www.sweetbouquet.vn/CssClientHandlera8fa.css]
[www.sweetbouquet.vn/BatchScripts278f.ashx]
[www.sweetbouquet.vn/dresses-JP.html]
[www.sweetbouquet.vn/ao-cuoi.html]
[www.sweetbouquet.vn/Thumb54ad.jpg]
[www.sweetbouquet.vn/UploadImages/demo/69x46.jpg]
[www.sweetbouquet.vn/Thumb2dd6.jpg]
[www.sweetbouquet.vn/Thumb64e5.jpg]
[www.sweetbouquet.vn/Thumbdc43.jpg]
[www.sweetbouquet.vn/Thumbb047.jpg]
[www.sweetbouquet.vn/Thumbb39f.jpg]
[www.sweetbouquet.vn/Thumba8e6.jpg]
[www.sweetbouquet.vn/Thumbfd8d.jpg]
[www.sweetbouquet.vn/gallery-JP.html]
[www.sweetbouquet.vn/thu-vien-anh.html]
[www.sweetbouquet.vn/CssModuleHandler21be.css]
[www.sweetbouquet.vn/CssClientHandlere27a.css]
[www.sweetbouquet.vn/tin-tuc/chup-hinh-cuoi-25.html]
[www.sweetbouquet.vn/tin-tuc/chup-hinh-cuoi/mac-gi-cho-co-dau-111.html]
[www.sweetbouquet.vn/Thumb81e2.jpg]
[www.sweetbouquet.vn/tin-tuc/chup-hinh-cuoi/dam-cuoi-mua-dong-o-nhat-ban-115.html]
[www.sweetbouquet.vn/Thumb0ffa.jpg]
[www.sweetbouquet.vn/tin-tuc/chup-hinh-cuoi/cuoi-nhat-ban-113.html]
[www.sweetbouquet.vn/Thumb3183.jpg]
[www.sweetbouquet.vn/tin-tuc/chup-hinh-cuoi/vui-don-xuan-sang-ron-rang-qua-tang-112.html]
[www.sweetbouquet.vn/Thumb1c15.jpg]
[www.sweetbouquet.vn/news-JP.html]
[www.sweetbouquet.vn/tin-tuc.html]
[www.sweetbouquet.vn/CssModuleHandler0061.css]
[www.sweetbouquet.vn/ScriptResource2882.js]
[www.sweetbouquet.vn/ScriptResource6d85.js]
[www.sweetbouquet.vn/themes/default/images/icon/fancybox_loading.gif]
[www.sweetbouquet.vn/contact-JP.html]
[www.sweetbouquet.vn/lien-he.html]
[www.sweetbouquet.vn/ErrorStyles/config.css]
[www.sweetbouquet.vn/ErrorStyles/custom.css]
[www.sweetbouquet.vn/ErrorStyles/m.custom.css]
[www.sweetbouquet.vn/ErrorStyles/font.css]
[www.sweetbouquet.vn/ErrorStyles/animate.css]
[www.sweetbouquet.vn/ErrorStyles/error-404.css]
[www.sweetbouquet.vn/ErrorStyles/jquery-1.10.1.min.js]
[www.sweetbouquet.vn/ErrorStyles/countUp.js]
[www.sweetbouquet.vn/ErrorStyles/wow.js]
[www.sweetbouquet.vn/Error2635.html]
[www.sweetbouquet.vn/themes/default/css/custom/slider/rev_slide/v5/fonts/revicons90c6.eot]
[www.sweetbouquet.vn/themes/default/css/custom/slider/rev_slide/v5/fonts/revicons90c6.woff]
[www.sweetbouquet.vn/themes/default/css/custom/slider/rev_slide/v5/fonts/revicons90c6.ttf]
[www.sweetbouquet.vn/themes/default/css/custom/slider/rev_slide/v5/fonts/revicons90c6.svg]
[www.sweetbouquet.vn/themes/default/css/custom/slider/rev_slide/v5/openhand.html]
[www.sweetbouquet.vn/themes/default/css/custom/slider/rev_slide/v5/closedhand.html]
[www.sweetbouquet.vn/themes/default/css/custom/slider/img/revolution-slider/gridtile.html]
[www.sweetbouquet.vn/themes/default/css/custom/slider/img/revolution-slider/gridtile_white.html]
[www.sweetbouquet.vn/themes/default/css/custom/slider/img/revolution-slider/gridtile_3x3.html]
[www.sweetbouquet.vn/themes/default/css/custom/slider/img/revolution-slider/gridtile_3x3_white.html]
[www.sweetbouquet.vn/themes/default/css/custom/slider/img/revolution-slider/coloredbg.html]
[www.sweetbouquet.vn/themes/default/css/custom/slider/img/revolution-slider/loader.gif]
[www.sweetbouquet.vn/themes/default/css/custom/slider/rev_slide/v5/settings.min.css]
[www.sweetbouquet.vn/CssClientHandlerede5.css]
[www.sweetbouquet.vn/CssClientHandler4fcf.css]
[www.sweetbouquet.vn/CssClientHandler8849.css]
[www.sweetbouquet.vn/themes/default/owl.video.play76ae.html]
[www.sweetbouquet.vn/CssClientHandler955f.css]
[www.sweetbouquet.vn/Thumbee98.png]
[www.sweetbouquet.vn/UploadImages/icon/dot-transparent-animated-gif.gif]
[www.sweetbouquet.vn/CssClientHandlercc86.css]
[www.sweetbouquet.vn/BatchScriptsa6e6.ashx]
[www.sweetbouquet.vn/CssClientHandler2855.css]
[www.sweetbouquet.vn/themes/default/js/custom/masonry.js]
[www.sweetbouquet.vn/themes/default/css/custom/gallery/lightgallery.css]
[www.sweetbouquet.vn/UploadImages/gallery/japanshoots/180213_0020co-dau-nhat-ban.jpg]
[www.sweetbouquet.vn/UploadImages/gallery/japanshoots/180213_0023co-dau-nhat-ban.jpg]
[www.sweetbouquet.vn/UploadImages/gallery/japanshoots/180213_0037co-dau-nhat-ban.jpg]
[www.sweetbouquet.vn/UploadImages/gallery/japanshoots/180213_0047co-dau-nhat-ban.jpg]
[www.sweetbouquet.vn/UploadImages/gallery/japanshoots/180213_0062co-dau-nhat-ban.jpg]
[www.sweetbouquet.vn/UploadImages/gallery/japanshoots/180213_0071co-dau-nhat-ban.jpg]
[www.sweetbouquet.vn/UploadImages/gallery/japanshoots/180213_0081co-dau-nhat-ban.jpg]
[www.sweetbouquet.vn/UploadImages/gallery/japanshoots/180213_0091co-dau-nhat-ban.jpg]
[www.sweetbouquet.vn/UploadImages/gallery/japanshoots/180213_0096co-dau-nhat-ban.jpg]
[www.sweetbouquet.vn/UploadImages/gallery/japanshoots/180213_0108co-dau-nhat-ban.jpg]
[www.sweetbouquet.vn/UploadImages/gallery/japanshoots/180213_0111co-dau-nhat-ban.jpg]
[www.sweetbouquet.vn/UploadImages/gallery/japanshoots/180213_0113co-dau-nhat-ban.jpg]
[www.sweetbouquet.vn/UploadImages/gallery/japanshoots/180213_0121co-dau-nhat-ban.jpg]
[www.sweetbouquet.vn/UploadImages/gallery/japanshoots/180213_0126co-dau-nhat-ban.jpg]
[www.sweetbouquet.vn/UploadImages/gallery/japanshoots/180213_0146co-dau-nhat-ban.jpg]
[www.sweetbouquet.vn/UploadImages/gallery/japanshoots/180213_0152co-dau-nhat-ban.jpg]
[www.sweetbouquet.vn/UploadImages/gallery/japanshoots/180213_0164co-dau-nhat-ban.jpg]
[www.sweetbouquet.vn/UploadImages/gallery/japanshoots/180213_0217co-dau-nhat-ban.jpg]
[www.sweetbouquet.vn/UploadImages/gallery/japanshoots/180213_0219co-dau-nhat-ban.jpg]
[www.sweetbouquet.vn/UploadImages/gallery/japanshoots/180213_0254co-dau-nhat-ban.jpg]
[www.sweetbouquet.vn/UploadImages/gallery/japanshoots/180213_0303co-dau-nhat-ban.jpg]
[www.sweetbouquet.vn/UploadImages/gallery/japanshoots/180213_0312co-dau-nhat-ban.jpg]
[www.sweetbouquet.vn/UploadImages/gallery/japanshoots/180213_0324co-dau-nhat-ban.jpg]
[www.sweetbouquet.vn/UploadImages/gallery/japanshoots/180213_0334co-dau-nhat-ban.jpg]
[www.sweetbouquet.vn/UploadImages/gallery/japanshoots/180213_0339co-dau-nhat-ban.jpg]
[www.sweetbouquet.vn/thu-vien-anh/pre-wedding/co-dau-nhat-ban-237.html]
[www.sweetbouquet.vn/BatchScripts1700.ashx]
[www.sweetbouquet.vn/UploadImages/gallery/hoian-phuongthinh/SWB00284-1hoi-an.jpg]
[www.sweetbouquet.vn/UploadImages/gallery/hoian-phuongthinh/SWB00289-1hoi-an.jpg]
[www.sweetbouquet.vn/UploadImages/gallery/hoian-phuongthinh/SWB00299-1hoi-an.jpg]
[www.sweetbouquet.vn/UploadImages/gallery/hoian-phuongthinh/SWB00308-1hoi-an.jpg]
[www.sweetbouquet.vn/UploadImages/gallery/hoian-phuongthinh/SWB00316-1hoi-an.jpg]
[www.sweetbouquet.vn/UploadImages/gallery/hoian-phuongthinh/SWB00325-1hoi-an.jpg]
[www.sweetbouquet.vn/UploadImages/gallery/hoian-phuongthinh/SWB00343-1hoi-an.jpg]
[www.sweetbouquet.vn/UploadImages/gallery/hoian-phuongthinh/SWB00357-1hoi-an.jpg]
[www.sweetbouquet.vn/UploadImages/gallery/hoian-phuongthinh/SWB00392-1hoi-an.jpg]
[www.sweetbouquet.vn/UploadImages/gallery/hoian-phuongthinh/SWB00398-1hoi-an.jpg]
[www.sweetbouquet.vn/UploadImages/gallery/hoian-phuongthinh/SWB00426-1hoi-an.jpg]
[www.sweetbouquet.vn/UploadImages/gallery/hoian-phuongthinh/SWB00429-1hoi-an.jpg]
[www.sweetbouquet.vn/UploadImages/gallery/hoian-phuongthinh/SWB00454-1hoi-an.jpg]
[www.sweetbouquet.vn/UploadImages/gallery/hoian-phuongthinh/SWB00465-1hoi-an.jpg]
[www.sweetbouquet.vn/UploadImages/gallery/hoian-phuongthinh/SWB00523-1hoi-an.jpg]
[www.sweetbouquet.vn/UploadImages/gallery/hoian-phuongthinh/SWB00550-1hoi-an.jpg]
[www.sweetbouquet.vn/UploadImages/gallery/hoian-phuongthinh/SWB00558-1hoi-an.jpg]
[www.sweetbouquet.vn/UploadImages/gallery/hoian-phuongthinh/SWB00622-1hoi-an.jpg]
[www.sweetbouquet.vn/UploadImages/gallery/hoian-phuongthinh/SWB00694-1hoi-an.jpg]
[www.sweetbouquet.vn/UploadImages/gallery/hoian-phuongthinh/SWB00739-1hoi-an.jpg]
[www.sweetbouquet.vn/UploadImages/gallery/hoian-phuongthinh/SWB00838-1hoi-an.jpg]
[www.sweetbouquet.vn/UploadImages/gallery/hoian-phuongthinh/SWB00861-1hoi-an.jpg]
[www.sweetbouquet.vn/UploadImages/gallery/hoian-phuongthinh/SWB00913-1hoi-an.jpg]
[www.sweetbouquet.vn/UploadImages/gallery/hoian-phuongthinh/SWB00990-1hoi-an.jpg]
[www.sweetbouquet.vn/UploadImages/gallery/hoian-phuongthinh/SWB01013-1hoi-an.jpg]
[www.sweetbouquet.vn/UploadImages/gallery/hoian-phuongthinh/SWB01035-1hoi-an.jpg]
[www.sweetbouquet.vn/UploadImages/gallery/hoian-phuongthinh/SWB01063-1hoi-an.jpg]
[www.sweetbouquet.vn/UploadImages/gallery/hoian-phuongthinh/SWB01072-1hoi-an.jpg]
[www.sweetbouquet.vn/UploadImages/gallery/hoian-phuongthinh/SWB01102-1hoi-an.jpg]
[www.sweetbouquet.vn/UploadImages/gallery/hoian-phuongthinh/SWB01117-1hoi-an.jpg]
[www.sweetbouquet.vn/UploadImages/gallery/hoian-phuongthinh/SWB01122-1hoi-an.jpg]
[www.sweetbouquet.vn/UploadImages/gallery/hoian-phuongthinh/SWB01143-1hoi-an.jpg]
[www.sweetbouquet.vn/UploadImages/gallery/hoian-phuongthinh/SWB01174-1hoi-an.jpg]
[www.sweetbouquet.vn/UploadImages/gallery/hoian-phuongthinh/SWB01195-1hoi-an.jpg]
[www.sweetbouquet.vn/UploadImages/gallery/hoian-phuongthinh/SWB01234-1hoi-an.jpg]
[www.sweetbouquet.vn/UploadImages/gallery/hoian-phuongthinh/SWB01259-1hoi-an.jpg]
[www.sweetbouquet.vn/UploadImages/gallery/hoian-phuongthinh/SWB01285-1hoi-an.jpg]
[www.sweetbouquet.vn/UploadImages/gallery/hoian-phuongthinh/SWB01290-1hoi-an.jpg]
[www.sweetbouquet.vn/UploadImages/gallery/hoian-phuongthinh/SWB01313-1hoi-an.jpg]
[www.sweetbouquet.vn/UploadImages/gallery/hoian-phuongthinh/SWB01330-1hoi-an.jpg]
[www.sweetbouquet.vn/thu-vien-anh/pre-wedding/hoi-an-236.html]
[www.sweetbouquet.vn/UploadImages/gallery/lookbook-thao/SWB05995lookbook.jpg]
[www.sweetbouquet.vn/UploadImages/gallery/lookbook-thao/SWB06008lookbook.jpg]
[www.sweetbouquet.vn/UploadImages/gallery/lookbook-thao/SWB06014lookbook.jpg]
[www.sweetbouquet.vn/UploadImages/gallery/lookbook-thao/SWB06026lookbook.jpg]
[www.sweetbouquet.vn/UploadImages/gallery/lookbook-thao/SWB06039lookbook.jpg]
[www.sweetbouquet.vn/UploadImages/gallery/lookbook-thao/SWB06048lookbook.jpg]
[www.sweetbouquet.vn/UploadImages/gallery/lookbook-thao/SWB06078lookbook.jpg]
[www.sweetbouquet.vn/UploadImages/gallery/lookbook-thao/SWB06100lookbook.jpg]
[www.sweetbouquet.vn/UploadImages/gallery/lookbook-thao/SWB06202lookbook.jpg]
[www.sweetbouquet.vn/UploadImages/gallery/lookbook-thao/SWB06265lookbook.jpg]
[www.sweetbouquet.vn/UploadImages/gallery/lookbook-thao/SWB06269lookbook.jpg]
[www.sweetbouquet.vn/UploadImages/gallery/lookbook-thao/SWB06293lookbook.jpg]
[www.sweetbouquet.vn/UploadImages/gallery/lookbook-thao/SWB06297lookbook.jpg]
[www.sweetbouquet.vn/UploadImages/gallery/lookbook-thao/SWB06310lookbook.jpg]
[www.sweetbouquet.vn/UploadImages/gallery/lookbook-thao/SWB06322lookbook.jpg]
[www.sweetbouquet.vn/UploadImages/gallery/lookbook-thao/SWB06353lookbook.jpg]
[www.sweetbouquet.vn/UploadImages/gallery/lookbook-thao/SWB06370lookbook.jpg]
[www.sweetbouquet.vn/UploadImages/gallery/lookbook-thao/SWB06379lookbook.jpg]
[www.sweetbouquet.vn/UploadImages/gallery/lookbook-thao/SWB06440lookbook.jpg]
[www.sweetbouquet.vn/UploadImages/gallery/lookbook-thao/SWB06474lookbook.jpg]
[www.sweetbouquet.vn/UploadImages/gallery/lookbook-thao/SWB06481lookbook.jpg]
[www.sweetbouquet.vn/UploadImages/gallery/lookbook-thao/SWB06494lookbook.jpg]
[www.sweetbouquet.vn/UploadImages/gallery/lookbook-thao/SWB06496lookbook.jpg]
[www.sweetbouquet.vn/UploadImages/gallery/lookbook-thao/SWB06508lookbook.jpg]
[www.sweetbouquet.vn/UploadImages/gallery/lookbook-thao/SWB06521lookbook.jpg]
[www.sweetbouquet.vn/UploadImages/gallery/lookbook-thao/SWB06529lookbook.jpg]
[www.sweetbouquet.vn/UploadImages/gallery/lookbook-thao/SWB06549lookbook.jpg]
[www.sweetbouquet.vn/UploadImages/gallery/lookbook-thao/SWB06551lookbook.jpg]
[www.sweetbouquet.vn/UploadImages/gallery/lookbook-thao/SWB06555lookbook.jpg]
[www.sweetbouquet.vn/UploadImages/gallery/lookbook-thao/SWB06565lookbook.jpg]
[www.sweetbouquet.vn/UploadImages/gallery/lookbook-thao/SWB06588lookbook.jpg]
[www.sweetbouquet.vn/UploadImages/gallery/lookbook-thao/SWB06594lookbook.jpg]
[www.sweetbouquet.vn/UploadImages/gallery/lookbook-thao/SWB06660lookbook.jpg]
[www.sweetbouquet.vn/thu-vien-anh/pre-wedding/lookbook-235.html]
[www.sweetbouquet.vn/UploadImages/gallery/indoor-pics/SWB01409-1indoor-studio.jpg]
[www.sweetbouquet.vn/UploadImages/gallery/indoor-pics/SWB01427-1indoor-studio.jpg]
[www.sweetbouquet.vn/UploadImages/gallery/indoor-pics/SWB01430-BW-1indoor-studio.jpg]
[www.sweetbouquet.vn/UploadImages/gallery/indoor-pics/SWB01436-1indoor-studio.jpg]
[www.sweetbouquet.vn/UploadImages/gallery/indoor-pics/SWB01440-1indoor-studio.jpg]
[www.sweetbouquet.vn/UploadImages/gallery/indoor-pics/SWB01459-1indoor-studio.jpg]
[www.sweetbouquet.vn/UploadImages/gallery/indoor-pics/SWB01463-1indoor-studio.jpg]
[www.sweetbouquet.vn/UploadImages/gallery/indoor-pics/SWB01474-1indoor-studio.jpg]
[www.sweetbouquet.vn/UploadImages/gallery/indoor-pics/SWB01483-1indoor-studio.jpg]
[www.sweetbouquet.vn/UploadImages/gallery/indoor-pics/SWB01489-1indoor-studio.jpg]
[www.sweetbouquet.vn/UploadImages/gallery/indoor-pics/SWB01491-1indoor-studio.jpg]
[www.sweetbouquet.vn/UploadImages/gallery/indoor-pics/SWB01494-1indoor-studio.jpg]
[www.sweetbouquet.vn/UploadImages/gallery/indoor-pics/SWB01495-1indoor-studio.jpg]
[www.sweetbouquet.vn/UploadImages/gallery/indoor-pics/SWB01508-1indoor-studio.jpg]
[www.sweetbouquet.vn/UploadImages/gallery/indoor-pics/SWB01518-1indoor-studio.jpg]
[www.sweetbouquet.vn/UploadImages/gallery/indoor-pics/SWB01520-1indoor-studio.jpg]
[www.sweetbouquet.vn/UploadImages/gallery/indoor-pics/SWB01523-1indoor-studio.jpg]
[www.sweetbouquet.vn/UploadImages/gallery/indoor-pics/SWB01530-1indoor-studio.jpg]
[www.sweetbouquet.vn/UploadImages/gallery/indoor-pics/SWB01541-1indoor-studio.jpg]
[www.sweetbouquet.vn/UploadImages/gallery/indoor-pics/SWB01548-1indoor-studio.jpg]
[www.sweetbouquet.vn/UploadImages/gallery/indoor-pics/SWB01630-1indoor-studio.jpg]
[www.sweetbouquet.vn/UploadImages/gallery/indoor-pics/SWB01652-1indoor-studio.jpg]
[www.sweetbouquet.vn/UploadImages/gallery/indoor-pics/SWB01681-1indoor-studio.jpg]
[www.sweetbouquet.vn/UploadImages/gallery/indoor-pics/SWB01693-1indoor-studio.jpg]
[www.sweetbouquet.vn/UploadImages/gallery/indoor-pics/SWB01709-1indoor-studio.jpg]
[www.sweetbouquet.vn/UploadImages/gallery/indoor-pics/SWB01717-1indoor-studio.jpg]
[www.sweetbouquet.vn/UploadImages/gallery/indoor-pics/SWB01748-1indoor-studio.jpg]
[www.sweetbouquet.vn/UploadImages/gallery/indoor-pics/SWB01762-1indoor-studio.jpg]
[www.sweetbouquet.vn/UploadImages/gallery/indoor-pics/SWB01774-1indoor-studio.jpg]
[www.sweetbouquet.vn/UploadImages/gallery/indoor-pics/SWB01775-1indoor-studio.jpg]
[www.sweetbouquet.vn/UploadImages/gallery/indoor-pics/SWB01779-1indoor-studio.jpg]
[www.sweetbouquet.vn/UploadImages/gallery/indoor-pics/SWB01803-1indoor-studio.jpg]
[www.sweetbouquet.vn/UploadImages/gallery/indoor-pics/SWB01807-1indoor-studio.jpg]
[www.sweetbouquet.vn/UploadImages/gallery/indoor-pics/SWB01812-1indoor-studio.jpg]
[www.sweetbouquet.vn/UploadImages/gallery/indoor-pics/SWB03105indoor-studio.jpg]
[www.sweetbouquet.vn/UploadImages/gallery/indoor-pics/SWB02058indoor-studio.jpg]
[www.sweetbouquet.vn/UploadImages/gallery/indoor-pics/SWB02217indoor-studio.jpg]
[www.sweetbouquet.vn/UploadImages/gallery/indoor-pics/SWB02332indoor-studio.jpg]
[www.sweetbouquet.vn/UploadImages/gallery/indoor-pics/SWB02367indoor-studio.jpg]
[www.sweetbouquet.vn/UploadImages/gallery/indoor-pics/SWB02421indoor-studio.jpg]
[www.sweetbouquet.vn/thu-vien-anh/pre-wedding/indoor-studio-234.html]
[www.sweetbouquet.vn/UploadImages/gallery/thu-vay/SWB00005dich-vu-khach-hang.jpg]
[www.sweetbouquet.vn/UploadImages/gallery/thu-vay/SWB00008dich-vu-khach-hang.jpg]
[www.sweetbouquet.vn/UploadImages/gallery/thu-vay/SWB00037dich-vu-khach-hang.jpg]
[www.sweetbouquet.vn/UploadImages/gallery/thu-vay/SWB00053dich-vu-khach-hang.jpg]
[www.sweetbouquet.vn/UploadImages/gallery/thu-vay/SWB00055dich-vu-khach-hang.jpg]
[www.sweetbouquet.vn/UploadImages/gallery/thu-vay/SWB09869dich-vu-khach-hang.jpg]
[www.sweetbouquet.vn/UploadImages/gallery/thu-vay/SWB09870dich-vu-khach-hang.jpg]
[www.sweetbouquet.vn/UploadImages/gallery/thu-vay/SWB09873dich-vu-khach-hang.jpg]
[www.sweetbouquet.vn/UploadImages/gallery/thu-vay/SWB09879dich-vu-khach-hang.jpg]
[www.sweetbouquet.vn/UploadImages/gallery/thu-vay/SWB09885dich-vu-khach-hang.jpg]
[www.sweetbouquet.vn/UploadImages/gallery/thu-vay/SWB09890dich-vu-khach-hang.jpg]
[www.sweetbouquet.vn/UploadImages/gallery/thu-vay/SWB09897dich-vu-khach-hang.jpg]
[www.sweetbouquet.vn/UploadImages/gallery/thu-vay/SWB09899dich-vu-khach-hang.jpg]
[www.sweetbouquet.vn/UploadImages/gallery/thu-vay/SWB09904dich-vu-khach-hang.jpg]
[www.sweetbouquet.vn/UploadImages/gallery/thu-vay/SWB09912dich-vu-khach-hang.jpg]
[www.sweetbouquet.vn/UploadImages/gallery/thu-vay/SWB09919dich-vu-khach-hang.jpg]
[www.sweetbouquet.vn/UploadImages/gallery/thu-vay/SWB09922dich-vu-khach-hang.jpg]
[www.sweetbouquet.vn/UploadImages/gallery/thu-vay/SWB09929dich-vu-khach-hang.jpg]
[www.sweetbouquet.vn/UploadImages/gallery/thu-vay/SWB09931dich-vu-khach-hang.jpg]
[www.sweetbouquet.vn/UploadImages/gallery/thu-vay/SWB09934dich-vu-khach-hang.jpg]
[www.sweetbouquet.vn/UploadImages/gallery/thu-vay/SWB09949dich-vu-khach-hang.jpg]
[www.sweetbouquet.vn/UploadImages/gallery/thu-vay/SWB09950dich-vu-khach-hang.jpg]
[www.sweetbouquet.vn/UploadImages/gallery/thu-vay/SWB09957dich-vu-khach-hang.jpg]
[www.sweetbouquet.vn/UploadImages/gallery/thu-vay/SWB09962dich-vu-khach-hang.jpg]
[www.sweetbouquet.vn/UploadImages/gallery/thu-vay/SWB09967dich-vu-khach-hang.jpg]
[www.sweetbouquet.vn/UploadImages/gallery/thu-vay/SWB09993dich-vu-khach-hang.jpg]
[www.sweetbouquet.vn/UploadImages/gallery/thu-vay/SWB09995dich-vu-khach-hang.jpg]
[www.sweetbouquet.vn/UploadImages/gallery/thu-vay/SWB09996dich-vu-khach-hang.jpg]
[www.sweetbouquet.vn/UploadImages/gallery/thu-vay/SWB03538dich-vu-khach-hang.jpg]
[www.sweetbouquet.vn/UploadImages/gallery/thu-vay/SWB03553dich-vu-khach-hang.jpg]
[www.sweetbouquet.vn/UploadImages/gallery/thu-vay/SWB03559dich-vu-khach-hang.jpg]
[www.sweetbouquet.vn/UploadImages/gallery/thu-vay/SWB03561dich-vu-khach-hang.jpg]
[www.sweetbouquet.vn/UploadImages/gallery/thu-vay/SWB03564dich-vu-khach-hang.jpg]
[www.sweetbouquet.vn/UploadImages/gallery/thu-vay/SWB03569dich-vu-khach-hang.jpg]
[www.sweetbouquet.vn/UploadImages/gallery/thu-vay/SWB03587dich-vu-khach-hang.jpg]
[www.sweetbouquet.vn/thu-vien-anh/pre-wedding/dich-vu-khach-hang-233.html]
[www.sweetbouquet.vn/UploadImages/gallery/duy-trinh-vintage/SWB08812-1vintage-danang.jpg]
[www.sweetbouquet.vn/UploadImages/gallery/duy-trinh-vintage/SWB08814-1vintage-danang.jpg]
[www.sweetbouquet.vn/UploadImages/gallery/duy-trinh-vintage/SWB08820-1vintage-danang.jpg]
[www.sweetbouquet.vn/UploadImages/gallery/duy-trinh-vintage/SWB08834-1vintage-danang.jpg]
[www.sweetbouquet.vn/UploadImages/gallery/duy-trinh-vintage/SWB08849-1vintage-danang.jpg]
[www.sweetbouquet.vn/UploadImages/gallery/duy-trinh-vintage/SWB08876-1vintage-danang.jpg]
[www.sweetbouquet.vn/UploadImages/gallery/duy-trinh-vintage/SWB08880-1vintage-danang.jpg]
[www.sweetbouquet.vn/UploadImages/gallery/duy-trinh-vintage/SWB08884-1vintage-danang.jpg]
[www.sweetbouquet.vn/UploadImages/gallery/duy-trinh-vintage/SWB08889-1vintage-danang.jpg]
[www.sweetbouquet.vn/UploadImages/gallery/duy-trinh-vintage/SWB08916-1vintage-danang.jpg]
[www.sweetbouquet.vn/UploadImages/gallery/duy-trinh-vintage/SWB08918-1vintage-danang.jpg]
[www.sweetbouquet.vn/UploadImages/gallery/duy-trinh-vintage/SWB08933-1vintage-danang.jpg]
[www.sweetbouquet.vn/UploadImages/gallery/duy-trinh-vintage/SWB08943-1vintage-danang.jpg]
[www.sweetbouquet.vn/UploadImages/gallery/duy-trinh-vintage/SWB08947-1vintage-danang.jpg]
[www.sweetbouquet.vn/UploadImages/gallery/duy-trinh-vintage/SWB08966-1vintage-danang.jpg]
[www.sweetbouquet.vn/UploadImages/gallery/duy-trinh-vintage/SWB08986-1vintage-danang.jpg]
[www.sweetbouquet.vn/UploadImages/gallery/duy-trinh-vintage/SWB09010-1vintage-danang.jpg]
[www.sweetbouquet.vn/UploadImages/gallery/duy-trinh-vintage/SWB09020-1vintage-danang.jpg]
[www.sweetbouquet.vn/UploadImages/gallery/duy-trinh-vintage/SWB09026-1vintage-danang.jpg]
[www.sweetbouquet.vn/UploadImages/gallery/duy-trinh-vintage/SWB09057-1vintage-danang.jpg]
[www.sweetbouquet.vn/UploadImages/gallery/duy-trinh-vintage/SWB09124-1vintage-danang.jpg]
[www.sweetbouquet.vn/UploadImages/gallery/duy-trinh-vintage/SWB09132-1vintage-danang.jpg]
[www.sweetbouquet.vn/UploadImages/gallery/duy-trinh-vintage/SWB09133-1vintage-danang.jpg]
[www.sweetbouquet.vn/UploadImages/gallery/duy-trinh-vintage/SWB09148-1vintage-danang.jpg]
[www.sweetbouquet.vn/UploadImages/gallery/duy-trinh-vintage/SWB09160-1vintage-danang.jpg]
[www.sweetbouquet.vn/UploadImages/gallery/duy-trinh-vintage/SWB09165-1vintage-danang.jpg]
[www.sweetbouquet.vn/UploadImages/gallery/duy-trinh-vintage/SWB09174-1vintage-danang.jpg]
[www.sweetbouquet.vn/UploadImages/gallery/duy-trinh-vintage/SWB09193-1vintage-danang.jpg]
[www.sweetbouquet.vn/UploadImages/gallery/duy-trinh-vintage/SWB09210-1vintage-danang.jpg]
[www.sweetbouquet.vn/UploadImages/gallery/duy-trinh-vintage/SWB09216-1vintage-danang.jpg]
[www.sweetbouquet.vn/UploadImages/gallery/duy-trinh-vintage/SWB09222-1vintage-danang.jpg]
[www.sweetbouquet.vn/UploadImages/gallery/duy-trinh-vintage/SWB09228-1vintage-danang.jpg]
[www.sweetbouquet.vn/UploadImages/gallery/duy-trinh-vintage/SWB09244-1vintage-danang.jpg]
[www.sweetbouquet.vn/UploadImages/gallery/duy-trinh-vintage/SWB09267-1vintage-danang.jpg]
[www.sweetbouquet.vn/UploadImages/gallery/duy-trinh-vintage/SWB09281-1vintage-danang.jpg]
[www.sweetbouquet.vn/UploadImages/gallery/duy-trinh-vintage/SWB09294-1vintage-danang.jpg]
[www.sweetbouquet.vn/UploadImages/gallery/duy-trinh-vintage/SWB09311-1vintage-danang.jpg]
[www.sweetbouquet.vn/UploadImages/gallery/duy-trinh-vintage/SWB09314-1vintage-danang.jpg]
[www.sweetbouquet.vn/UploadImages/gallery/duy-trinh-vintage/SWB09335-1vintage-danang.jpg]
[www.sweetbouquet.vn/UploadImages/gallery/duy-trinh-vintage/SWB09363-1vintage-danang.jpg]
[www.sweetbouquet.vn/UploadImages/gallery/duy-trinh-vintage/SWB09371-1vintage-danang.jpg]
[www.sweetbouquet.vn/UploadImages/gallery/duy-trinh-vintage/SWB09374-1vintage-danang.jpg]
[www.sweetbouquet.vn/UploadImages/gallery/duy-trinh-vintage/SWB09402-1vintage-danang.jpg]
[www.sweetbouquet.vn/UploadImages/gallery/duy-trinh-vintage/SWB09415-1vintage-danang.jpg]
[www.sweetbouquet.vn/UploadImages/gallery/duy-trinh-vintage/SWB09424-1vintage-danang.jpg]
[www.sweetbouquet.vn/UploadImages/gallery/duy-trinh-vintage/SWB09436-1vintage-danang.jpg]
[www.sweetbouquet.vn/UploadImages/gallery/duy-trinh-vintage/SWB09440-1vintage-danang.jpg]
[www.sweetbouquet.vn/UploadImages/gallery/duy-trinh-vintage/SWB09484-1vintage-danang.jpg]
[www.sweetbouquet.vn/UploadImages/gallery/duy-trinh-vintage/SWB09491-1vintage-danang.jpg]
[www.sweetbouquet.vn/UploadImages/gallery/duy-trinh-vintage/SWB09521-1vintage-danang.jpg]
[www.sweetbouquet.vn/UploadImages/gallery/duy-trinh-vintage/SWB09523-1vintage-danang.jpg]
[www.sweetbouquet.vn/UploadImages/gallery/duy-trinh-vintage/SWB09537-1vintage-danang.jpg]
[www.sweetbouquet.vn/thu-vien-anh/pre-wedding/vintage-danang-232.html]
[www.sweetbouquet.vn/UploadImages/gallery/phuc-ngoc-cub/SWB00748_1.jpg]
[www.sweetbouquet.vn/UploadImages/gallery/phuc-ngoc-cub/SWB00754_1.jpg]
[www.sweetbouquet.vn/UploadImages/gallery/phuc-ngoc-cub/SWB00763_1.jpg]
[www.sweetbouquet.vn/UploadImages/gallery/phuc-ngoc-cub/SWB00767_1.jpg]
[www.sweetbouquet.vn/UploadImages/gallery/phuc-ngoc-cub/SWB00779_1.jpg]
[www.sweetbouquet.vn/UploadImages/gallery/phuc-ngoc-cub/SWB00781_1.jpg]
[www.sweetbouquet.vn/UploadImages/gallery/phuc-ngoc-cub/SWB00787_1.jpg]
[www.sweetbouquet.vn/UploadImages/gallery/phuc-ngoc-cub/SWB00795_1.jpg]
[www.sweetbouquet.vn/UploadImages/gallery/phuc-ngoc-cub/SWB00801_1.jpg]
[www.sweetbouquet.vn/UploadImages/gallery/phuc-ngoc-cub/SWB00809_1.jpg]
[www.sweetbouquet.vn/UploadImages/gallery/phuc-ngoc-cub/SWB00816_1.jpg]
[www.sweetbouquet.vn/UploadImages/gallery/phuc-ngoc-cub/SWB00828_1.jpg]
[www.sweetbouquet.vn/UploadImages/gallery/phuc-ngoc-cub/SWB00840_1.jpg]
[www.sweetbouquet.vn/UploadImages/gallery/phuc-ngoc-cub/SWB00845_1.jpg]
[www.sweetbouquet.vn/UploadImages/gallery/phuc-ngoc-cub/SWB00850_1.jpg]
[www.sweetbouquet.vn/UploadImages/gallery/phuc-ngoc-cub/SWB00858_1.jpg]
[www.sweetbouquet.vn/UploadImages/gallery/phuc-ngoc-cub/SWB00868_1.jpg]
[www.sweetbouquet.vn/UploadImages/gallery/phuc-ngoc-cub/SWB00876_1.jpg]
[www.sweetbouquet.vn/UploadImages/gallery/phuc-ngoc-cub/SWB00887_1.jpg]
[www.sweetbouquet.vn/UploadImages/gallery/phuc-ngoc-cub/SWB00893_1.jpg]
[www.sweetbouquet.vn/UploadImages/gallery/phuc-ngoc-cub/SWB00888_1.jpg]
[www.sweetbouquet.vn/UploadImages/gallery/phuc-ngoc-cub/SWB00900_1.jpg]
[www.sweetbouquet.vn/UploadImages/gallery/phuc-ngoc-cub/SWB00910_1.jpg]
[www.sweetbouquet.vn/UploadImages/gallery/phuc-ngoc-cub/SWB00921_1.jpg]
[www.sweetbouquet.vn/thu-vien-anh/pre-wedding/da-nang-ngay-xuong-pho-231.html]
[www.sweetbouquet.vn/UploadImages/gallery/duy-thuong/album01album-04.jpg]
[www.sweetbouquet.vn/UploadImages/gallery/duy-thuong/album02album-04.jpg]
[www.sweetbouquet.vn/UploadImages/gallery/duy-thuong/album03album-04.jpg]
[www.sweetbouquet.vn/UploadImages/gallery/duy-thuong/album04album-04.jpg]
[www.sweetbouquet.vn/UploadImages/gallery/duy-thuong/album05album-04.jpg]
[www.sweetbouquet.vn/UploadImages/gallery/duy-thuong/album06album-04.jpg]
[www.sweetbouquet.vn/UploadImages/gallery/duy-thuong/album07album-04.jpg]
[www.sweetbouquet.vn/UploadImages/gallery/duy-thuong/album08album-04.jpg]
[www.sweetbouquet.vn/UploadImages/gallery/duy-thuong/album09album-04.jpg]
[www.sweetbouquet.vn/UploadImages/gallery/duy-thuong/album10album-04.jpg]
[www.sweetbouquet.vn/UploadImages/gallery/duy-thuong/album11album-04.jpg]
[www.sweetbouquet.vn/UploadImages/gallery/duy-thuong/album12album-04.jpg]
[www.sweetbouquet.vn/thu-vien-anh/pre-wedding/hinh-cuoi-phong-cach-nhat-ban-230.html]
[www.sweetbouquet.vn/CssClientHandlere0e0.css]
[www.sweetbouquet.vn/CssClientHandlere340.css]
[www.sweetbouquet.vn/CssClientHandlera706.css]
[www.sweetbouquet.vn/themes/default/images/bx_loader76ae.gif]
[www.sweetbouquet.vn/themes/default/images/controls76ae.html]
[www.sweetbouquet.vn/CssClientHandlera149.css]
[www.sweetbouquet.vn/CssClientHandler0353.css]
[www.sweetbouquet.vn/home-JP.html]
[static.styles.net.vn/css/custom/.fonts/Sansita-Regular/Sansita-Regular.html]
[www.sweetbouquet.vn/UploadImages/about/juice.html]
[www.sweetbouquet.vn/UploadImages/about/cafe76ae.html]
[www.sweetbouquet.vn/themes/default-default/images/sprite76ae.html]
[www.sweetbouquet.vn/themes/default-default/images/icon/tag_24x24ac64.html]
[www.sweetbouquet.vn/POST.html]
[www.sweetbouquet.vn/CssModuleHandlere4b5.css]
[www.sweetbouquet.vn/about-us-JP.html]
[www.sweetbouquet.vn/CssModuleHandler9324.css]
[www.sweetbouquet.vn/CssClientHandlerac40.css]
[www.sweetbouquet.vn/services-JP.html]
[www.sweetbouquet.vn/CssModuleHandler2c7c.css]
[www.sweetbouquet.vn/CssClientHandler36a3.css]
[www.sweetbouquet.vn/BatchScriptsffbb.ashx]
[www.sweetbouquet.vn/services/wedding-dresses-jp/anh-01-8.html]
[www.sweetbouquet.vn/dich-vu/wedding-dresses/anh-01-8.html]
[www.sweetbouquet.vn/services/wedding-dresses-jp-71.html]
[www.sweetbouquet.vn/dich-vu/anh-01-75.228.delayed]
[www.sweetbouquet.vn/Thumbbd2c.jpg]
[www.sweetbouquet.vn/services/photography-services-jp/anh-02-11.html]
[www.sweetbouquet.vn/dich-vu/photography-services/anh-02-11.html]
[www.sweetbouquet.vn/dich-vu/anh-02-75.22c.delayed]
[www.sweetbouquet.vn/services/photography-services-jp/anh-01-10.html]
[www.sweetbouquet.vn/dich-vu/photography-services/anh-01-10.html]
[www.sweetbouquet.vn/services/photography-services-jp-75.html]
[www.sweetbouquet.vn/services/wedding-services-jp/anh-01-12.html]
[www.sweetbouquet.vn/dich-vu/wedding-services/anh-01-12.html]
[www.sweetbouquet.vn/services/wedding-services-jp-76.html]
[www.sweetbouquet.vn/themes/default/images/bgr/1_0376ae.jpg]
[www.sweetbouquet.vn/themes/default/images/icon/dot-bg-red76ae.html]
[www.sweetbouquet.vn/themes/default/images/bgr/bg-glass-top76ae.png]
[www.sweetbouquet.vn/themes/default/images/bgr/bg-glass-center76ae.png]
[www.sweetbouquet.vn/themes/default/images/bgr/bg-clip-center-blue76ae.png]
[www.sweetbouquet.vn/themes/default/images/bgr/bg-clip-top-blue76ae.png]
[www.sweetbouquet.vn/themes/default/images/bgr/bg-clip-bottom-blue76ae.png]
[www.sweetbouquet.vn/themes/default/images/bgr/bg-clip-center76ae.png]
[www.sweetbouquet.vn/themes/default/images/bgr/bg-clip-top76ae.png]
[www.sweetbouquet.vn/themes/default/images/bgr/bg-clip-bottom76ae.png]
[www.sweetbouquet.vn/themes/default/images/bgr/bg-clip-center-red76ae.png]
[www.sweetbouquet.vn/themes/default/images/bgr/bg-clip-top-red76ae.png]
[www.sweetbouquet.vn/themes/default/images/bgr/bg-clip-bottom-red76ae.png]
[www.sweetbouquet.vn/themes/default/images/icon/dot-around-red76ae.html]
[www.sweetbouquet.vn/CssModuleHandler79f7.css]
[www.sweetbouquet.vn/Error30f8.html]
[www.sweetbouquet.vn/Errorf2d2.html]
[www.sweetbouquet.vn/Errore758.html]
[www.sweetbouquet.vn/Error7c6b.html]
[www.sweetbouquet.vn/Error46e9.html]
[www.sweetbouquet.vn/Error693a.html]
[www.sweetbouquet.vn/Error7369.html]
[www.sweetbouquet.vn/Error4aef.html]
[www.sweetbouquet.vn/Error5af6.html]
[www.sweetbouquet.vn/Error2857.html]
[www.sweetbouquet.vn/Error2249.html]
[www.sweetbouquet.vn/Error5356.html]
[www.sweetbouquet.vn/Error152d.html]
[www.sweetbouquet.vn/Error435b.html]
[www.sweetbouquet.vn/Error9af3.html]
[www.sweetbouquet.vn/Error9b32.html]
[www.sweetbouquet.vn/Error27b1.html]
[www.sweetbouquet.vn/Errore605.html]
[www.sweetbouquet.vn/Errore88b.html]
[www.sweetbouquet.vn/Errora32b.html]
[www.sweetbouquet.vn/Error2d01.html]
[www.sweetbouquet.vn/Errorea0e.html]
[www.sweetbouquet.vn/Error2093.html]
[www.sweetbouquet.vn/Error8ee0.html]
[www.sweetbouquet.vn/Errora4cd.html]
[www.sweetbouquet.vn/Error3b8c.html]
[www.sweetbouquet.vn/Errora76f.html]
[www.sweetbouquet.vn/Error5b06.html]
[www.sweetbouquet.vn/Error2be0.html]
[www.sweetbouquet.vn/Error61c2.html]
[www.sweetbouquet.vn/Errora721.html]
[www.sweetbouquet.vn/Error11c1.html]
[www.sweetbouquet.vn/CssClientHandlera8fa.css]
[www.sweetbouquet.vn/portfolios/portfolios/-32.html]
[www.sweetbouquet.vn/portfolios/portfolios/-31.html]
[www.sweetbouquet.vn/portfolios/portfolios/-30.html]
[www.sweetbouquet.vn/portfolios/portfolios/-29.html]
[www.sweetbouquet.vn/portfolios/portfolios/-28.html]
[www.sweetbouquet.vn/portfolios/portfolios/-27.html]
[www.sweetbouquet.vn/portfolios/portfolios/-26.html]
[www.sweetbouquet.vn/portfolios/portfolios/-25.html]
[www.sweetbouquet.vn/portfolios/portfolios/-24.html]
[www.sweetbouquet.vn/portfolios/portfolios/-23.html]
[www.sweetbouquet.vn/portfolios/portfolios/-22.html]
[www.sweetbouquet.vn/portfolios/portfolios/-21.html]
[www.sweetbouquet.vn/portfolios/portfolios/-20.html]
[www.sweetbouquet.vn/portfolios/portfolios/-19.html]
[www.sweetbouquet.vn/portfolios/portfolios/-18.html]
[www.sweetbouquet.vn/portfolios/portfolios/-17.html]
[www.sweetbouquet.vn/portfolios/portfolios/-16.html]
[www.sweetbouquet.vn/portfolios/portfolios/-15.html]
[www.sweetbouquet.vn/portfolios/portfolios/-14.html]
[www.sweetbouquet.vn/portfolios/portfolios/-13.html]
[www.sweetbouquet.vn/portfolios/portfolios/-12.html]
[www.sweetbouquet.vn/portfolios/portfolios/-11.html]
[www.sweetbouquet.vn/portfolios/portfolios/-10.html]
[www.sweetbouquet.vn/portfolios/portfolios/-9.html]
[www.sweetbouquet.vn/portfolios/portfolios/-8.html]
[www.sweetbouquet.vn/portfolios/portfolios/-7.html]
[www.sweetbouquet.vn/portfolios/portfolios/-6.html]
[www.sweetbouquet.vn/portfolios/portfolios/-5.html]
[www.sweetbouquet.vn/portfolios/portfolios/-4.html]
[www.sweetbouquet.vn/portfolios/portfolios/-3.html]
[www.sweetbouquet.vn/portfolios/portfolios/-2.html]
[www.sweetbouquet.vn/portfolios/portfolios/-1.html]
[www.sweetbouquet.vn/dresses-JP.html]
[www.sweetbouquet.vn/CssModuleHandlere6a8.css]
[www.sweetbouquet.vn/gallery-JP.html]
[www.sweetbouquet.vn/CssModuleHandler21be.css]
[www.sweetbouquet.vn/CssClientHandlere27a.css]
[www.sweetbouquet.vn/Scripts/loading.gif]
[www.sweetbouquet.vn/CssClientHandler8b55.css]
[www.sweetbouquet.vn/Thumbb0f0.jpg]
[www.sweetbouquet.vn/Thumb6c56.jpg]
[www.sweetbouquet.vn/Thumbed6f.jpg]
[www.sweetbouquet.vn/Thumb00b7.jpg]
[www.sweetbouquet.vn/Thumb943b.png]
[www.sweetbouquet.vn/Thumb84f5.png]
[connect.facebook.net/vi_VN/sdk.js]
[www.sweetbouquet.vn/tin-tuc/chup-hinh-cuoi-25.html]
[www.sweetbouquet.vn/Thumb0ce1.png]
[www.sweetbouquet.vn/CssModuleHandler0d70.css]
[www.sweetbouquet.vn/CssClientHandler9a23.css]
[www.sweetbouquet.vn/UploadImages/news/blogs/SWB06026_new.jpg]
[www.sweetbouquet.vn/news/chup-hinh-cuoi/top-5-make-up-clone-111.html]
[www.sweetbouquet.vn/tin-tuc/chup-hinh-cuoi/mac-gi-cho-co-dau-111.html]
[www.sweetbouquet.vn/UploadImages/news/blogs/Japanese_wedding_196_new.jpg]
[www.sweetbouquet.vn/UploadImages/news/blogs/dam-cuoi-nhat-ban2.jpg]
[www.sweetbouquet.vn/UploadImages/news/blogs/dam-cuoi-nhat-ban.jpg]
[www.sweetbouquet.vn/UploadImages/news/blogs/japanese_wedding3.jpg]
[www.sweetbouquet.vn/tin-tuc/chup-hinh-cuoi/dam-cuoi-mua-dong-o-nhat-ban-115.html]
[www.sweetbouquet.vn/UploadImages/news/blogs/1_new.jpg]
[www.sweetbouquet.vn/UploadImages/news/blogs/1.jpg]
[www.sweetbouquet.vn/UploadImages/news/blogs/2.jpg]
[www.sweetbouquet.vn/UploadImages/news/blogs/3.jpg]
[www.sweetbouquet.vn/tin-tuc/chup-hinh-cuoi/cuoi-nhat-ban-113.html]
[www.sweetbouquet.vn/UploadImages/news/blogs/SWB01463-1_new.jpg]
[www.sweetbouquet.vn/news/chup-hinh-cuoi/vui-don-xuan-sang-112.html]
[www.sweetbouquet.vn/tin-tuc/chup-hinh-cuoi/vui-don-xuan-sang-ron-rang-qua-tang-112.html]
[www.sweetbouquet.vn/news/chup-hinh-cuoi-25.html]
[www.sweetbouquet.vn/news/chup-hinh-cuoi/日本の冬のウェディング事情-115.277.delayed]
[www.sweetbouquet.vn/news/chup-hinh-cuoi/日本の冬のウェディング事情-115.278.delayed]
[www.sweetbouquet.vn/news/chup-hinh-cuoi/mua-thu-cuoi-nhat-ban-113.html]
[www.sweetbouquet.vn/news-JP.html]
[www.sweetbouquet.vn/CssModuleHandler0061.css]
[www.sweetbouquet.vn/WebResourceb8a6.js]
[www.sweetbouquet.vn/ScriptResource2882.js]
[www.sweetbouquet.vn/Firefox/index.html]
[www.sweetbouquet.vn/Opera/index.html]
[www.sweetbouquet.vn/MicrosoftAjaxWebForms.html]
[www.sweetbouquet.vn/AppleWebKit/index.html]
[www.sweetbouquet.vn/MicrosoftAjaxSerialization.html]
[www.sweetbouquet.vn/MicrosoftAjaxNetwork.html]
[www.sweetbouquet.vn/ScriptResource6d85.js]
[www.sweetbouquet.vn/contact-JP.html]
[www.sweetbouquet.vn/images/icon/star1.html]
[www.sweetbouquet.vn/ErrorStyles/images/icon/sale.html]
[www.sweetbouquet.vn/ErrorStyles/images/icon/li1.html]
[www.sweetbouquet.vn/ErrorStyles/images/icon/item.html]
[www.sweetbouquet.vn/ErrorStyles/images/icon/arrow-red2.html]
[www.sweetbouquet.vn/ErrorStyles/images/icon/arrow-red.html]
[www.sweetbouquet.vn/ErrorStyles/images/icon/treeSplit.html]
[www.sweetbouquet.vn/ErrorStyles/images/icon/action-icon.html]
[www.sweetbouquet.vn/ErrorStyles/config.css]
[www.sweetbouquet.vn/ErrorStyles/images/icon/gotop.html]
[www.sweetbouquet.vn/ErrorStyles/images/icon/tag_24x248fa7.html]
[www.sweetbouquet.vn/ErrorStyles/custom.css]
[www.sweetbouquet.vn/ErrorStyles/m.custom.css]
[www.sweetbouquet.vn/fonts/Roboto/Roboto-Light.html]
[www.sweetbouquet.vn/fonts/Roboto/Roboto-Lightd41d.html]
[www.sweetbouquet.vn/fonts/Roboto/Roboto-Light-2.html]
[www.sweetbouquet.vn/fonts/Roboto/Roboto-Light-3.html]
[www.sweetbouquet.vn/fonts/Roboto/Roboto-Light-4.html]
[www.sweetbouquet.vn/fonts/Roboto/Roboto-Light-5.html]
[www.sweetbouquet.vn/fonts/Roboto/Roboto-Regular.html]
[www.sweetbouquet.vn/fonts/Roboto/Roboto-Regulard41d.html]
[www.sweetbouquet.vn/fonts/Roboto/Roboto-Regular-2.html]
[www.sweetbouquet.vn/fonts/Roboto/Roboto-Regular-3.html]
[www.sweetbouquet.vn/fonts/Roboto/Roboto-Regular-4.html]
[www.sweetbouquet.vn/fonts/Roboto/Roboto-Regular-5.html]
[www.sweetbouquet.vn/fonts/Roboto/Roboto-Bold.html]
[www.sweetbouquet.vn/fonts/Roboto/Roboto-Boldd41d.html]
[www.sweetbouquet.vn/fonts/Roboto/Roboto-Bold-2.html]
[www.sweetbouquet.vn/fonts/Roboto/Roboto-Bold-3.html]
[www.sweetbouquet.vn/fonts/Roboto/Roboto-Bold-4.html]
[www.sweetbouquet.vn/fonts/Roboto/Roboto-LightItalic.html]
[www.sweetbouquet.vn/fonts/Roboto/Roboto-LightItalicd41d.html]
[www.sweetbouquet.vn/fonts/Roboto/Roboto-LightItalic-2.html]
[www.sweetbouquet.vn/fonts/Roboto/Roboto-LightItalic-3.html]
[www.sweetbouquet.vn/fonts/Roboto/Roboto-LightItalic-4.html]
[www.sweetbouquet.vn/fonts/Roboto/Roboto-BoldItalic.html]
[www.sweetbouquet.vn/fonts/Roboto/Roboto-BoldItalicd41d.html]
[www.sweetbouquet.vn/fonts/Roboto/Roboto-BoldItalic-2.html]
[www.sweetbouquet.vn/fonts/Roboto/Roboto-BoldItalic-3.html]
[www.sweetbouquet.vn/fonts/Roboto/Roboto-BoldItalic-4.html]
[www.sweetbouquet.vn/fonts/icoerrorf87d.eot]
[www.sweetbouquet.vn/fonts/icoerrorf87d.ttf]
[www.sweetbouquet.vn/fonts/icoerrorf87d.woff]
[www.sweetbouquet.vn/fonts/icoerrorf87d.svg]
[www.sweetbouquet.vn/ErrorStyles/font.css]
[www.sweetbouquet.vn/ErrorStyles/animate.css]
[www.sweetbouquet.vn/images/error-noise.html]
[www.sweetbouquet.vn/ErrorStyles/error-404.css]
[www.sweetbouquet.vn/themes/default/css/custom/slider/rev_slide/v5/fonts/revicons90c6.svg]
[www.sweetbouquet.vn/themes/default/css/custom/slider/rev_slide/v5/openhand.html]
[www.sweetbouquet.vn/themes/default/css/custom/slider/rev_slide/v5/closedhand.html]
[www.sweetbouquet.vn/themes/default/css/custom/slider/img/revolution-slider/gridtile.html]
[www.sweetbouquet.vn/themes/default/css/custom/slider/img/revolution-slider/gridtile_white.html]
[www.sweetbouquet.vn/themes/default/css/custom/slider/img/revolution-slider/gridtile_3x3.html]
[www.sweetbouquet.vn/themes/default/css/custom/slider/img/revolution-slider/gridtile_3x3_white.html]
[www.sweetbouquet.vn/themes/default/css/custom/slider/img/revolution-slider/coloredbg.html]
[www.sweetbouquet.vn/themes/default/owl.video.play76ae.html]
[www.sweetbouquet.vn/themes/default/images/prettyPhoto/default/sprite76ae.png]
[www.sweetbouquet.vn/themes/default/images/prettyPhoto/default/sprite_x76ae.png]
[www.sweetbouquet.vn/themes/default/images/prettyPhoto/default/sprite_y76ae.png]
[www.sweetbouquet.vn/themes/default/images/prettyPhoto/default/sprite_next76ae.png]
[www.sweetbouquet.vn/themes/default/images/prettyPhoto/default/sprite_prev76ae.png]
[www.sweetbouquet.vn/themes/default/images/prettyPhoto/default/default_thumb76ae.png]
[www.sweetbouquet.vn/themes/default/images/prettyPhoto/default/loader76ae.gif]
[www.sweetbouquet.vn/themes/default/images/prettyPhoto/light_rounded/sprite76ae.png]
[www.sweetbouquet.vn/themes/default/images/prettyPhoto/light_rounded/btnNext76ae.png]
[www.sweetbouquet.vn/themes/default/images/prettyPhoto/light_rounded/btnPrevious76ae.png]
[www.sweetbouquet.vn/themes/default/images/prettyPhoto/dark_rounded/sprite76ae.png]
[www.sweetbouquet.vn/themes/default/images/prettyPhoto/dark_rounded/contentPattern76ae.png]
[www.sweetbouquet.vn/themes/default/images/prettyPhoto/dark_rounded/btnNext76ae.png]
[www.sweetbouquet.vn/themes/default/images/prettyPhoto/dark_rounded/btnPrevious76ae.png]
[www.sweetbouquet.vn/themes/default/images/prettyPhoto/dark_rounded/loader76ae.gif]
[www.sweetbouquet.vn/themes/default/images/prettyPhoto/dark_square/loader76ae.gif]
[www.sweetbouquet.vn/themes/default/images/prettyPhoto/dark_square/sprite76ae.png]
[www.sweetbouquet.vn/themes/default/images/prettyPhoto/dark_square/btnNext76ae.png]
[www.sweetbouquet.vn/themes/default/images/prettyPhoto/dark_square/btnPrevious76ae.png]
[www.sweetbouquet.vn/themes/default/images/prettyPhoto/light_square/sprite76ae.png]
[www.sweetbouquet.vn/themes/default/images/prettyPhoto/light_square/btnNext76ae.png]
[www.sweetbouquet.vn/themes/default/images/prettyPhoto/light_square/btnPrevious76ae.png]
[www.sweetbouquet.vn/themes/default/images/prettyPhoto/facebook/sprite76ae.png]
[www.sweetbouquet.vn/themes/default/images/prettyPhoto/facebook/contentPatternTop76ae.png]
[www.sweetbouquet.vn/themes/default/images/prettyPhoto/facebook/contentPatternLeft76ae.png]
[www.sweetbouquet.vn/themes/default/images/prettyPhoto/facebook/contentPatternRight76ae.png]
[www.sweetbouquet.vn/themes/default/images/prettyPhoto/facebook/loader76ae.gif]
[www.sweetbouquet.vn/themes/default/images/prettyPhoto/facebook/btnNext76ae.png]
[www.sweetbouquet.vn/themes/default/images/prettyPhoto/facebook/btnPrevious76ae.png]
[www.sweetbouquet.vn/themes/default/images/prettyPhoto/facebook/contentPatternBottom76ae.png]
[www.sweetbouquet.vn/themes/default/images/prettyPhoto/facebook/default_thumbnail76ae.gif]
[www.sweetbouquet.vn/themes/default/images/prettyPhoto/light_rounded/loader76ae.gif]
[www.sweetbouquet.vn/CssClientHandlercc86.css]
[www.sweetbouquet.vn/themes/default/themes/default/js/custom/font/lg76ae.html]
[www.sweetbouquet.vn/themes/default/themes/default/js/custom/font/lg.html]
[www.sweetbouquet.vn/themes/img/vimeo-play76ae.html]
[www.sweetbouquet.vn/themes/img/video-play76ae.html]
[www.sweetbouquet.vn/themes/img/youtube-play76ae.html]
[www.sweetbouquet.vn/themes/img/loading76ae.html]
[www.sweetbouquet.vn/CssClientHandler2855.css]
[www.sweetbouquet.vn/themes/default/js/custom/font/lg.eot]
[www.sweetbouquet.vn/themes/default/js/custom/font/lg.woff]
[www.sweetbouquet.vn/themes/default/js/custom/font/lg.ttf]
[www.sweetbouquet.vn/themes/default/js/custom/font/lg.svg]
[www.sweetbouquet.vn/themes/default/css/custom/img/vimeo-play.html]
[www.sweetbouquet.vn/themes/default/css/custom/img/video-play.html]
[www.sweetbouquet.vn/themes/default/css/custom/img/youtube-play.html]
[www.sweetbouquet.vn/themes/default/css/custom/img/loading.html]
[www.sweetbouquet.vn/themes/default/css/custom/gallery/lightgallery.css]
[www.sweetbouquet.vn/themes/default/images/controls76ae.html]
[www.sweetbouquet.vn/CssClientHandler36a3.css]
[www.sweetbouquet.vn/services/wedding-dresses-jp/anh-01-8.html]
[www.sweetbouquet.vn/services/anh-01-75.2d9.delayed]
[www.sweetbouquet.vn/services/photography-services-jp/anh-02-11.html]
[www.sweetbouquet.vn/services/anh-02-75.2db.delayed]
[www.sweetbouquet.vn/services/photography-services-jp/anh-01-10.html]
[www.sweetbouquet.vn/services/wedding-services-jp/anh-01-12.html]
[www.sweetbouquet.vn/themes/default/images/icon/dot-bg-red76ae.html]
[www.sweetbouquet.vn/themes/default/images/icon/dot-around-red76ae.html]
[www.sweetbouquet.vn/portfolios/portfolios/-32.html]
[www.sweetbouquet.vn/portfolios/portfolios/-31.html]
[www.sweetbouquet.vn/portfolios/portfolios/-30.html]
[www.sweetbouquet.vn/portfolios/portfolios/-29.html]
[www.sweetbouquet.vn/portfolios/portfolios/-28.html]
[www.sweetbouquet.vn/portfolios/portfolios/-27.html]
[www.sweetbouquet.vn/portfolios/portfolios/-26.html]
[www.sweetbouquet.vn/portfolios/portfolios/-25.html]
[www.sweetbouquet.vn/portfolios/portfolios/-24.html]
[www.sweetbouquet.vn/portfolios/portfolios/-23.html]
[www.sweetbouquet.vn/portfolios/portfolios/-22.html]
[www.sweetbouquet.vn/portfolios/portfolios/-21.html]
[www.sweetbouquet.vn/portfolios/portfolios/-20.html]
[www.sweetbouquet.vn/portfolios/portfolios/-19.html]
[www.sweetbouquet.vn/portfolios/portfolios/-18.html]
[www.sweetbouquet.vn/portfolios/portfolios/-17.html]
[www.sweetbouquet.vn/portfolios/portfolios/-16.html]
[www.sweetbouquet.vn/portfolios/portfolios/-15.html]
[www.sweetbouquet.vn/portfolios/portfolios/-14.html]
[www.sweetbouquet.vn/portfolios/portfolios/-13.html]
[www.sweetbouquet.vn/portfolios/portfolios/-12.html]
[www.sweetbouquet.vn/portfolios/portfolios/-11.html]
[www.sweetbouquet.vn/portfolios/portfolios/-10.html]
[www.sweetbouquet.vn/portfolios/portfolios/-9.html]
[www.sweetbouquet.vn/portfolios/portfolios/-8.html]
[www.sweetbouquet.vn/portfolios/portfolios/-7.html]
[www.sweetbouquet.vn/portfolios/portfolios/-6.html]
[www.sweetbouquet.vn/portfolios/portfolios/-5.html]
[www.sweetbouquet.vn/portfolios/portfolios/-4.html]
[www.sweetbouquet.vn/portfolios/portfolios/-3.html]
[www.sweetbouquet.vn/portfolios/portfolios/-2.html]
[www.sweetbouquet.vn/portfolios/portfolios/-1.html]
[www.sweetbouquet.vn/CssClientHandler8b55.css]
[connect.facebook.net/vi_VN/sdk.js]
[www.sweetbouquet.vn/CssModuleHandler0d70.css]
[www.sweetbouquet.vn/CssClientHandler9a23.css]
[www.sweetbouquet.vn/news/chup-hinh-cuoi/top-5-make-up-clone-111.html]
[www.sweetbouquet.vn/news/chup-hinh-cuoi/vui-don-xuan-sang-112.html]
[www.sweetbouquet.vn/news/chup-hinh-cuoi-25.html]
[www.sweetbouquet.vn/news/chup-hinh-cuoi/mua-thu-cuoi-nhat-ban-113.html]
[www.sweetbouquet.vn/Firefox/index.html]
[www.sweetbouquet.vn/AppleWebKit/index.html]
[www.sweetbouquet.vn/Opera/index.html]
[www.sweetbouquet.vn/MicrosoftAjaxWebForms.html]
[www.sweetbouquet.vn/MicrosoftAjaxSerialization.html]
[www.sweetbouquet.vn/MicrosoftAjaxNetwork.html]
[www.sweetbouquet.vn/images/icon/star1.html]
[www.sweetbouquet.vn/ErrorStyles/images/icon/sale.html]
[www.sweetbouquet.vn/ErrorStyles/images/icon/li1.html]
[www.sweetbouquet.vn/ErrorStyles/images/icon/item.html]
[www.sweetbouquet.vn/ErrorStyles/images/icon/arrow-red2.html]
[www.sweetbouquet.vn/ErrorStyles/images/icon/arrow-red.html]
[www.sweetbouquet.vn/ErrorStyles/images/icon/treeSplit.html]
[www.sweetbouquet.vn/ErrorStyles/images/icon/action-icon.html]
[www.sweetbouquet.vn/ErrorStyles/images/icon/gotop.html]
[www.sweetbouquet.vn/ErrorStyles/images/icon/tag_24x248fa7.html]
[www.sweetbouquet.vn/fonts/Roboto/Roboto-Light.html]
[www.sweetbouquet.vn/fonts/Roboto/Roboto-Lightd41d.html]
[www.sweetbouquet.vn/fonts/Roboto/Roboto-Light-2.html]
[www.sweetbouquet.vn/fonts/Roboto/Roboto-Light-3.html]
[www.sweetbouquet.vn/fonts/Roboto/Roboto-Light-4.html]
[www.sweetbouquet.vn/fonts/Roboto/Roboto-Light-5.html]
[www.sweetbouquet.vn/fonts/Roboto/Roboto-Regular.html]
[www.sweetbouquet.vn/fonts/Roboto/Roboto-Regulard41d.html]
[www.sweetbouquet.vn/fonts/Roboto/Roboto-Regular-2.html]
[www.sweetbouquet.vn/fonts/Roboto/Roboto-Regular-3.html]
[www.sweetbouquet.vn/fonts/Roboto/Roboto-Regular-4.html]
[www.sweetbouquet.vn/fonts/Roboto/Roboto-Regular-5.html]
[www.sweetbouquet.vn/fonts/Roboto/Roboto-Bold.html]
[www.sweetbouquet.vn/fonts/Roboto/Roboto-Boldd41d.html]
[www.sweetbouquet.vn/fonts/Roboto/Roboto-Bold-2.html]
[www.sweetbouquet.vn/fonts/Roboto/Roboto-Bold-3.html]
[www.sweetbouquet.vn/fonts/Roboto/Roboto-Bold-4.html]
[www.sweetbouquet.vn/fonts/Roboto/Roboto-LightItalic.html]
[www.sweetbouquet.vn/fonts/Roboto/Roboto-LightItalicd41d.html]
[www.sweetbouquet.vn/fonts/Roboto/Roboto-LightItalic-2.html]
[www.sweetbouquet.vn/fonts/Roboto/Roboto-LightItalic-3.html]
[www.sweetbouquet.vn/fonts/Roboto/Roboto-LightItalic-4.html]
[www.sweetbouquet.vn/fonts/Roboto/Roboto-BoldItalic.html]
[www.sweetbouquet.vn/fonts/Roboto/Roboto-BoldItalicd41d.html]
[www.sweetbouquet.vn/fonts/Roboto/Roboto-BoldItalic-2.html]
[www.sweetbouquet.vn/fonts/Roboto/Roboto-BoldItalic-3.html]
[www.sweetbouquet.vn/fonts/Roboto/Roboto-BoldItalic-4.html]
[www.sweetbouquet.vn/fonts/icoerrorf87d.svg]
[www.sweetbouquet.vn/images/error-noise.html]
[www.sweetbouquet.vn/themes/default/themes/default/js/custom/font/lg76ae.html]
[www.sweetbouquet.vn/themes/default/themes/default/js/custom/font/lg.html]
[www.sweetbouquet.vn/themes/img/vimeo-play76ae.html]
[www.sweetbouquet.vn/themes/img/video-play76ae.html]
[www.sweetbouquet.vn/themes/img/youtube-play76ae.html]
[www.sweetbouquet.vn/themes/img/loading76ae.html]
[www.sweetbouquet.vn/themes/default/js/custom/font/lg.svg]
[www.sweetbouquet.vn/themes/default/css/custom/img/vimeo-play.html]
[www.sweetbouquet.vn/themes/default/css/custom/img/video-play.html]
[www.sweetbouquet.vn/themes/default/css/custom/img/youtube-play.html]
[www.sweetbouquet.vn/themes/default/css/custom/img/loading.html]
